00000000	11:07:14.821	[1756] REL: 2018728, 2 -> 1 	
00000001	11:07:14.821	[1756] REL: 20182A8, 2 -> 1 	
00000002	11:07:14.821	[1756] REL: 20186D0, 2 -> 1 	
00000003	11:07:14.821	[1756] REL: 20186D0, 1 -> 0 	
00000004	11:07:14.821	[1756] REL: 2018798, 2 -> 1 	
00000005	11:07:14.821	[1756] REL: 2018728, 1 -> 0 	
00000006	11:07:14.821	[1756] REL: 20182A8, 1 -> 0 	
00000007	11:07:23.555	[1756] Start of compile instruments...ADD: 2C08EB0, 0 -> 1 	
00000008	11:07:23.555	[1756] ADD: 2C08EB0, 1 -> 2 	
00000009	11:07:23.555	[1756] GCO: ref: 0 req: {IClassFactory} 	
00000010	11:07:23.555	[1756] DFQ: ref: 2C08EB0 req: {IClassFactory} 	
00000011	11:07:23.555	[1756] ADD: 1EB3118, 0 -> 1 	
00000012	11:07:23.555	[1756] ADD: 1EB3118, 1 -> 2 	
00000013	11:07:23.555	[1756] REL: 1EB3118, 2 -> 1 	
00000014	11:07:23.555	[1756] ADD: 1EB3540, 0 -> 1 	
00000015	11:07:23.555	[1756] NID: 1EB3540 	
00000016	11:07:23.555	[1756] CPC: 1EB3598 	
00000017	11:07:23.555	[1756] ADD: 1EB3598, 0 -> 1 	
00000018	11:07:23.555	[1756] ADD: 1EB3608, 0 -> 1 	
00000019	11:07:23.555	[1756] ADD: 1EB3608, 1 -> 2 	
00000020	11:07:23.555	[1756] PAX: 1EB3118 	
00000021	11:07:23.555	[1756] CFQ: ref: 1EB3118 req: {IClassFactory} 	
00000022	11:07:23.555	[1756] ADD: 1EB3118, 1 -> 2 	
00000023	11:07:23.555	[1756] ADD: 1EB3118, 2 -> 3 	
00000024	11:07:23.555	[1756] REL: 1EB3118, 3 -> 2 	
00000025	11:07:23.555	[1756] REL: 1EB3118, 2 -> 1 	
00000026	11:07:23.555	[1756] CFQ: ref: 1EB3118 req: {IClassFactory} 	
00000027	11:07:23.555	[1756] ADD: 1EB3118, 1 -> 2 	
00000028	11:07:23.555	[1756] REL: 1EB3118, 2 -> 1 	
00000029	11:07:23.555	[1756] CFQ: ref: 1EB3118 req: {45D4DCAF-DCE7-4484-9321-8E12C7B7E8DB} 	
00000030	11:07:23.555	[1756] ADD: 1EB3118, 1 -> 2 	
00000031	11:07:23.555	[1756] REL: 1EB3118, 2 -> 1 	
00000032	11:07:23.555	[1756] CFQ: ref: 1EB3118 req: {IDispatch} 	
00000033	11:07:23.555	[1756] ADD: 1EB3118, 1 -> 2 	
00000034	11:07:23.555	[1756] ADD: 1EB3540, 1 -> 2 	
00000035	11:07:23.555	[1756] CFQ: ref: 1EB3118 req: {IProvideClassInfo} 	
00000036	11:07:23.555	[1756] CFQ: ref: 1EB3118 req: {IProvideClassInfo} 	
00000037	11:07:23.555	[1756] DFQ: ref: 2C08EB0 req: {IProvideClassInfo} 	
00000038	11:07:23.555	[1756] ADD: 1EB38B0, 0 -> 1 	
00000039	11:07:23.555	[1756] CFQ: ref: 1EB3118 req: {IConnectionPointContainer} 	
00000040	11:07:23.555	[1756] ADD: 1EB3598, 1 -> 2 	
00000041	11:07:23.555	[1756] REL: 1EB38B0, 1 -> 0 	
00000042	11:07:23.602	[1756] stop of compile instruments, consumed: 71.763811139602 	
00000043	11:07:23.602	[1756] ADD: 1EB3608, 2 -> 3 	
