00000000	11:00:28.834	[1292] ADD: 3D38EB0, 0 -> 1 	
00000001	11:00:28.834	[1292] ADD: 3D38EB0, 1 -> 2 	
00000002	11:00:28.834	[1292] GCO: ref: 0 req: {IClassFactory} 	
00000003	11:00:28.834	[1292] DFQ: ref: 3D38EB0 req: {IClassFactory} 	
00000004	11:00:28.834	[1292] ADD: 3D45108, 0 -> 1 	
00000005	11:00:28.834	[1292] ADD: 3D45108, 1 -> 2 	
00000006	11:00:28.834	[1292] REL: 3D45108, 2 -> 1 	
00000007	11:00:28.834	[1292] ADD: 3D45530, 0 -> 1 	
00000008	11:00:28.834	[1292] NID: 3D45530 	
00000009	11:00:28.834	[1292] CPC: 3D45588 	
00000010	11:00:28.834	[1292] ADD: 3D45588, 0 -> 1 	
00000011	11:00:28.834	[1292] ADD: 3D455F8, 0 -> 1 	
00000012	11:00:28.834	[1292] ADD: 3D455F8, 1 -> 2 	
00000013	11:00:28.834	[1292] PAX: 3D45108 	
00000014	11:00:28.834	[1292] CFQ: ref: 3D45108 req: {IUnknown} 	
00000015	11:00:28.834	[1292] ADD: 3D45108, 1 -> 2 	
00000016	11:00:28.834	[1292] ADD: 3D45108, 2 -> 3 	
00000017	11:00:28.834	[1292] REL: 3D45108, 3 -> 2 	
00000018	11:00:28.834	[1292] REL: 3D45108, 2 -> 1 	
00000019	11:00:28.834	[1292] CFQ: ref: 3D45108 req: {IUnknown} 	
00000020	11:00:28.834	[1292] ADD: 3D45108, 1 -> 2 	
00000021	11:00:28.834	[1292] CFQ: ref: 3D45108 req: {D1BF8C60-B0EC-4F66-B2AA-72A2B57283C5} 	
00000022	11:00:28.834	[1292] ADD: 3D45108, 2 -> 3 	
00000023	11:00:28.834	[1292] ADD: 3D45530, 1 -> 2 	
00000024	11:00:28.834	[1292] CFQ: ref: 3D45108 req: {7FD52380-4E07-101B-AE2D-08002B2EC713} 	
00000025	11:00:28.834	[1292] CFQ: ref: 3D45108 req: {7FD52380-4E07-101B-AE2D-08002B2EC713} 	
00000026	11:00:28.834	[1292] DFQ: ref: 3D38EB0 req: {7FD52380-4E07-101B-AE2D-08002B2EC713} 	
00000027	11:00:28.834	[1292] CFQ: ref: 3D45108 req: {37D84F60-42CB-11CE-8135-00AA004BB851} 	
00000028	11:00:28.834	[1292] CFQ: ref: 3D45108 req: {37D84F60-42CB-11CE-8135-00AA004BB851} 	
00000029	11:00:28.834	[1292] DFQ: ref: 3D38EB0 req: {37D84F60-42CB-11CE-8135-00AA004BB851} 	
00000030	11:00:28.834	[1292] REL: 3D45108, 3 -> 2 	
00000031	11:00:28.834	[1292] REL: 3D45108, 2 -> 1 	
00000032	11:00:28.834	[1292] ADD: 3D45108, 1 -> 2 	
00000033	11:00:28.834	[1292] ADD: 3D45530, 2 -> 3 	
00000034	11:00:28.834	[1292] CFQ: ref: 3D45108 req: {IConnectionPointContainer} 	
00000035	11:00:28.834	[1292] ADD: 3D45588, 1 -> 2 	
00000036	11:00:28.834	[1292] ADD: 3D455F8, 2 -> 3 	
00000037	11:00:28.834	[1292] REL: 3D45588, 2 -> 1 	
00000038	11:00:28.834	[1292] REL: 3D455F8, 3 -> 2 	
00000039	11:00:28.834	[1292] REL: 3D45108, 2 -> 1 	
00000040	11:00:28.834	[1292] REL: 3D45530, 3 -> 2 	
00000041	11:00:28.834	[1292] ADD: 3D45108, 1 -> 2 	
00000042	11:00:28.834	[1292] ADD: 3D45530, 2 -> 3 	
00000043	11:00:28.834	[1292] REL: 3D45108, 2 -> 1 	
00000044	11:00:28.834	[1292] REL: 3D45530, 3 -> 2 	
00000045	11:00:28.850	[1292] ADD: 3D45108, 1 -> 2 	
00000046	11:00:28.850	[1292] ADD: 3D45530, 2 -> 3 	
00000047	11:00:28.850	[1292] REL: 3D45108, 2 -> 1 	
00000048	11:00:28.850	[1292] REL: 3D45530, 3 -> 2 	
00000049	11:00:28.850	[1292] ADD: 3D45108, 1 -> 2 	
00000050	11:00:28.850	[1292] ADD: 3D45530, 2 -> 3 	
00000051	11:00:28.850	[1292] REL: 3D45108, 2 -> 1 	
00000052	11:00:28.850	[1292] REL: 3D45530, 3 -> 2 	
00000053	11:00:28.959	[1292] ADD: 3D45108, 1 -> 2 	
00000054	11:00:28.959	[1292] ADD: 3D45530, 2 -> 3 	
00000055	11:00:28.959	[1292] REL: 3D45108, 2 -> 1 	
00000056	11:00:28.959	[1292] REL: 3D45530, 3 -> 2 	
00000057	11:00:28.959	[1292] ADD: 3D45108, 1 -> 2 	
00000058	11:00:28.959	[1292] ADD: 3D45530, 2 -> 3 	
00000059	11:00:28.959	[1292] REL: 3D45108, 2 -> 1 	
00000060	11:00:28.959	[1292] REL: 3D45530, 3 -> 2 	
00000061	11:00:29.069	[1292] ADD: 3D45108, 1 -> 2 	
00000062	11:00:29.069	[1292] ADD: 3D45530, 2 -> 3 	
00000063	11:00:29.069	[1292] REL: 3D45108, 2 -> 1 	
00000064	11:00:29.069	[1292] REL: 3D45530, 3 -> 2 	
00000065	11:00:29.069	[1292] ADD: 3D45108, 1 -> 2 	
00000066	11:00:29.069	[1292] ADD: 3D45530, 2 -> 3 	
00000067	11:00:29.069	[1292] REL: 3D45108, 2 -> 1 	
00000068	11:00:29.069	[1292] REL: 3D45530, 3 -> 2 	
00000069	11:00:29.178	[1292] ADD: 3D45108, 1 -> 2 	
00000070	11:00:29.178	[1292] ADD: 3D45530, 2 -> 3 	
00000071	11:00:29.178	[1292] REL: 3D45108, 2 -> 1 	
00000072	11:00:29.178	[1292] REL: 3D45530, 3 -> 2 	
00000073	11:00:29.178	[1292] ADD: 3D45108, 1 -> 2 	
00000074	11:00:29.178	[1292] ADD: 3D45530, 2 -> 3 	
00000075	11:00:29.178	[1292] REL: 3D45108, 2 -> 1 	
00000076	11:00:29.178	[1292] REL: 3D45530, 3 -> 2 	
00000077	11:00:29.287	[1292] ADD: 3D45108, 1 -> 2 	
00000078	11:00:29.287	[1292] ADD: 3D45530, 2 -> 3 	
00000079	11:00:29.287	[1292] REL: 3D45108, 2 -> 1 	
00000080	11:00:29.287	[1292] REL: 3D45530, 3 -> 2 	
00000081	11:00:29.287	[1292] ADD: 3D45108, 1 -> 2 	
00000082	11:00:29.287	[1292] ADD: 3D45530, 2 -> 3 	
00000083	11:00:29.287	[1292] REL: 3D45108, 2 -> 1 	
00000084	11:00:29.287	[1292] REL: 3D45530, 3 -> 2 	
00000085	11:00:29.397	[1292] ADD: 3D45108, 1 -> 2 	
00000086	11:00:29.397	[1292] ADD: 3D45530, 2 -> 3 	
00000087	11:00:29.397	[1292] REL: 3D45108, 2 -> 1 	
00000088	11:00:29.397	[1292] REL: 3D45530, 3 -> 2 	
00000089	11:00:29.397	[1292] ADD: 3D45108, 1 -> 2 	
00000090	11:00:29.397	[1292] ADD: 3D45530, 2 -> 3 	
00000091	11:00:29.397	[1292] REL: 3D45108, 2 -> 1 	
00000092	11:00:29.397	[1292] REL: 3D45530, 3 -> 2 	
00000093	11:00:29.506	[1292] ADD: 3D45108, 1 -> 2 	
00000094	11:00:29.506	[1292] ADD: 3D45530, 2 -> 3 	
00000095	11:00:29.506	[1292] REL: 3D45108, 2 -> 1 	
00000096	11:00:29.506	[1292] REL: 3D45530, 3 -> 2 	
00000097	11:00:29.506	[1292] ADD: 3D45108, 1 -> 2 	
00000098	11:00:29.506	[1292] ADD: 3D45530, 2 -> 3 	
00000099	11:00:29.506	[1292] REL: 3D45108, 2 -> 1 	
00000100	11:00:29.506	[1292] REL: 3D45530, 3 -> 2 	
00000101	11:00:29.615	[1292] ADD: 3D45108, 1 -> 2 	
00000102	11:00:29.615	[1292] ADD: 3D45530, 2 -> 3 	
00000103	11:00:29.615	[1292] REL: 3D45108, 2 -> 1 	
00000104	11:00:29.615	[1292] REL: 3D45530, 3 -> 2 	
00000105	11:00:29.615	[1292] ADD: 3D45108, 1 -> 2 	
00000106	11:00:29.615	[1292] ADD: 3D45530, 2 -> 3 	
00000107	11:00:29.615	[1292] REL: 3D45108, 2 -> 1 	
00000108	11:00:29.615	[1292] REL: 3D45530, 3 -> 2 	
00000109	11:00:29.725	[1292] ADD: 3D45108, 1 -> 2 	
00000110	11:00:29.725	[1292] ADD: 3D45530, 2 -> 3 	
00000111	11:00:29.725	[1292] REL: 3D45108, 2 -> 1 	
00000112	11:00:29.725	[1292] REL: 3D45530, 3 -> 2 	
00000113	11:00:29.725	[1292] ADD: 3D45108, 1 -> 2 	
00000114	11:00:29.725	[1292] ADD: 3D45530, 2 -> 3 	
00000115	11:00:29.725	[1292] REL: 3D45108, 2 -> 1 	
00000116	11:00:29.725	[1292] REL: 3D45530, 3 -> 2 	
00000117	11:00:29.834	[1292] ADD: 3D45108, 1 -> 2 	
00000118	11:00:29.834	[1292] ADD: 3D45530, 2 -> 3 	
00000119	11:00:29.834	[1292] REL: 3D45108, 2 -> 1 	
00000120	11:00:29.834	[1292] REL: 3D45530, 3 -> 2 	
00000121	11:00:29.834	[1292] ADD: 3D45108, 1 -> 2 	
00000122	11:00:29.834	[1292] ADD: 3D45530, 2 -> 3 	
00000123	11:00:29.834	[1292] REL: 3D45108, 2 -> 1 	
00000124	11:00:29.834	[1292] REL: 3D45530, 3 -> 2 	
00000125	11:00:29.943	[1292] ADD: 3D45108, 1 -> 2 	
00000126	11:00:29.943	[1292] ADD: 3D45530, 2 -> 3 	
00000127	11:00:29.943	[1292] REL: 3D45108, 2 -> 1 	
00000128	11:00:29.943	[1292] REL: 3D45530, 3 -> 2 	
00000129	11:00:29.943	[1292] ADD: 3D45108, 1 -> 2 	
00000130	11:00:29.943	[1292] ADD: 3D45530, 2 -> 3 	
00000131	11:00:29.943	[1292] REL: 3D45108, 2 -> 1 	
00000132	11:00:29.943	[1292] REL: 3D45530, 3 -> 2 	
00000133	11:00:30.053	[1292] ADD: 3D45108, 1 -> 2 	
00000134	11:00:30.053	[1292] ADD: 3D45530, 2 -> 3 	
00000135	11:00:30.053	[1292] REL: 3D45108, 2 -> 1 	
00000136	11:00:30.053	[1292] REL: 3D45530, 3 -> 2 	
00000137	11:00:30.053	[1292] ADD: 3D45108, 1 -> 2 	
00000138	11:00:30.053	[1292] ADD: 3D45530, 2 -> 3 	
00000139	11:00:30.053	[1292] REL: 3D45108, 2 -> 1 	
00000140	11:00:30.053	[1292] REL: 3D45530, 3 -> 2 	
00000141	11:00:30.162	[1292] ADD: 3D45108, 1 -> 2 	
00000142	11:00:30.162	[1292] ADD: 3D45530, 2 -> 3 	
00000143	11:00:30.162	[1292] REL: 3D45108, 2 -> 1 	
00000144	11:00:30.162	[1292] REL: 3D45530, 3 -> 2 	
00000145	11:00:30.162	[1292] ADD: 3D45108, 1 -> 2 	
00000146	11:00:30.162	[1292] ADD: 3D45530, 2 -> 3 	
00000147	11:00:30.162	[1292] REL: 3D45108, 2 -> 1 	
00000148	11:00:30.162	[1292] REL: 3D45530, 3 -> 2 	
00000149	11:00:30.272	[1292] ADD: 3D45108, 1 -> 2 	
00000150	11:00:30.272	[1292] ADD: 3D45530, 2 -> 3 	
00000151	11:00:30.272	[1292] REL: 3D45108, 2 -> 1 	
00000152	11:00:30.272	[1292] REL: 3D45530, 3 -> 2 	
00000153	11:00:30.272	[1292] ADD: 3D45108, 1 -> 2 	
00000154	11:00:30.272	[1292] ADD: 3D45530, 2 -> 3 	
00000155	11:00:30.272	[1292] REL: 3D45108, 2 -> 1 	
00000156	11:00:30.272	[1292] REL: 3D45530, 3 -> 2 	
00000157	11:00:30.381	[1292] ADD: 3D45108, 1 -> 2 	
00000158	11:00:30.381	[1292] ADD: 3D45530, 2 -> 3 	
00000159	11:00:30.381	[1292] REL: 3D45108, 2 -> 1 	
00000160	11:00:30.381	[1292] REL: 3D45530, 3 -> 2 	
00000161	11:00:30.381	[1292] ADD: 3D45108, 1 -> 2 	
00000162	11:00:30.381	[1292] ADD: 3D45530, 2 -> 3 	
00000163	11:00:30.381	[1292] REL: 3D45108, 2 -> 1 	
00000164	11:00:30.381	[1292] REL: 3D45530, 3 -> 2 	
00000165	11:00:30.490	[1292] ADD: 3D45108, 1 -> 2 	
00000166	11:00:30.490	[1292] ADD: 3D45530, 2 -> 3 	
00000167	11:00:30.490	[1292] REL: 3D45108, 2 -> 1 	
00000168	11:00:30.490	[1292] REL: 3D45530, 3 -> 2 	
00000169	11:00:30.490	[1292] ADD: 3D45108, 1 -> 2 	
00000170	11:00:30.490	[1292] ADD: 3D45530, 2 -> 3 	
00000171	11:00:30.490	[1292] REL: 3D45108, 2 -> 1 	
00000172	11:00:30.490	[1292] REL: 3D45530, 3 -> 2 	
00000173	11:00:30.600	[1292] ADD: 3D45108, 1 -> 2 	
00000174	11:00:30.600	[1292] ADD: 3D45530, 2 -> 3 	
00000175	11:00:30.600	[1292] REL: 3D45108, 2 -> 1 	
00000176	11:00:30.600	[1292] REL: 3D45530, 3 -> 2 	
00000177	11:00:30.600	[1292] ADD: 3D45108, 1 -> 2 	
00000178	11:00:30.600	[1292] ADD: 3D45530, 2 -> 3 	
00000179	11:00:30.600	[1292] REL: 3D45108, 2 -> 1 	
00000180	11:00:30.600	[1292] REL: 3D45530, 3 -> 2 	
00000181	11:00:30.709	[1292] ADD: 3D45108, 1 -> 2 	
00000182	11:00:30.709	[1292] ADD: 3D45530, 2 -> 3 	
00000183	11:00:30.709	[1292] REL: 3D45108, 2 -> 1 	
00000184	11:00:30.709	[1292] REL: 3D45530, 3 -> 2 	
00000185	11:00:30.709	[1292] ADD: 3D45108, 1 -> 2 	
00000186	11:00:30.709	[1292] ADD: 3D45530, 2 -> 3 	
00000187	11:00:30.709	[1292] REL: 3D45108, 2 -> 1 	
00000188	11:00:30.709	[1292] REL: 3D45530, 3 -> 2 	
00000189	11:00:30.818	[1292] ADD: 3D45108, 1 -> 2 	
00000190	11:00:30.818	[1292] ADD: 3D45530, 2 -> 3 	
00000191	11:00:30.818	[1292] REL: 3D45108, 2 -> 1 	
00000192	11:00:30.818	[1292] REL: 3D45530, 3 -> 2 	
00000193	11:00:30.818	[1292] ADD: 3D45108, 1 -> 2 	
00000194	11:00:30.818	[1292] ADD: 3D45530, 2 -> 3 	
00000195	11:00:30.818	[1292] REL: 3D45108, 2 -> 1 	
00000196	11:00:30.818	[1292] REL: 3D45530, 3 -> 2 	
00000197	11:00:30.928	[1292] ADD: 3D45108, 1 -> 2 	
00000198	11:00:30.928	[1292] ADD: 3D45530, 2 -> 3 	
00000199	11:00:30.928	[1292] REL: 3D45108, 2 -> 1 	
00000200	11:00:30.928	[1292] REL: 3D45530, 3 -> 2 	
00000201	11:00:30.928	[1292] ADD: 3D45108, 1 -> 2 	
00000202	11:00:30.928	[1292] ADD: 3D45530, 2 -> 3 	
00000203	11:00:30.928	[1292] REL: 3D45108, 2 -> 1 	
00000204	11:00:30.928	[1292] REL: 3D45530, 3 -> 2 	
00000205	11:00:31.037	[1292] ADD: 3D45108, 1 -> 2 	
00000206	11:00:31.037	[1292] ADD: 3D45530, 2 -> 3 	
00000207	11:00:31.037	[1292] REL: 3D45108, 2 -> 1 	
00000208	11:00:31.037	[1292] REL: 3D45530, 3 -> 2 	
00000209	11:00:31.037	[1292] ADD: 3D45108, 1 -> 2 	
00000210	11:00:31.037	[1292] ADD: 3D45530, 2 -> 3 	
00000211	11:00:31.037	[1292] REL: 3D45108, 2 -> 1 	
00000212	11:00:31.037	[1292] REL: 3D45530, 3 -> 2 	
00000213	11:00:31.147	[1292] ADD: 3D45108, 1 -> 2 	
00000214	11:00:31.147	[1292] ADD: 3D45530, 2 -> 3 	
00000215	11:00:31.147	[1292] REL: 3D45108, 2 -> 1 	
00000216	11:00:31.147	[1292] REL: 3D45530, 3 -> 2 	
00000217	11:00:31.147	[1292] ADD: 3D45108, 1 -> 2 	
00000218	11:00:31.147	[1292] ADD: 3D45530, 2 -> 3 	
00000219	11:00:31.147	[1292] REL: 3D45108, 2 -> 1 	
00000220	11:00:31.147	[1292] REL: 3D45530, 3 -> 2 	
00000221	11:00:31.256	[1292] ADD: 3D45108, 1 -> 2 	
00000222	11:00:31.256	[1292] ADD: 3D45530, 2 -> 3 	
00000223	11:00:31.256	[1292] REL: 3D45108, 2 -> 1 	
00000224	11:00:31.256	[1292] REL: 3D45530, 3 -> 2 	
00000225	11:00:31.256	[1292] ADD: 3D45108, 1 -> 2 	
00000226	11:00:31.256	[1292] ADD: 3D45530, 2 -> 3 	
00000227	11:00:31.256	[1292] REL: 3D45108, 2 -> 1 	
00000228	11:00:31.256	[1292] REL: 3D45530, 3 -> 2 	
00000229	11:00:31.365	[1292] ADD: 3D45108, 1 -> 2 	
00000230	11:00:31.365	[1292] ADD: 3D45530, 2 -> 3 	
00000231	11:00:31.365	[1292] REL: 3D45108, 2 -> 1 	
00000232	11:00:31.365	[1292] REL: 3D45530, 3 -> 2 	
00000233	11:00:31.365	[1292] ADD: 3D45108, 1 -> 2 	
00000234	11:00:31.365	[1292] ADD: 3D45530, 2 -> 3 	
00000235	11:00:31.365	[1292] REL: 3D45108, 2 -> 1 	
00000236	11:00:31.365	[1292] REL: 3D45530, 3 -> 2 	
00000237	11:00:31.475	[1292] ADD: 3D45108, 1 -> 2 	
00000238	11:00:31.475	[1292] ADD: 3D45530, 2 -> 3 	
00000239	11:00:31.475	[1292] REL: 3D45108, 2 -> 1 	
00000240	11:00:31.475	[1292] REL: 3D45530, 3 -> 2 	
00000241	11:00:31.475	[1292] ADD: 3D45108, 1 -> 2 	
00000242	11:00:31.475	[1292] ADD: 3D45530, 2 -> 3 	
00000243	11:00:31.475	[1292] REL: 3D45108, 2 -> 1 	
00000244	11:00:31.475	[1292] REL: 3D45530, 3 -> 2 	
00000245	11:00:31.584	[1292] ADD: 3D45108, 1 -> 2 	
00000246	11:00:31.584	[1292] ADD: 3D45530, 2 -> 3 	
00000247	11:00:31.584	[1292] REL: 3D45108, 2 -> 1 	
00000248	11:00:31.584	[1292] REL: 3D45530, 3 -> 2 	
00000249	11:00:31.584	[1292] ADD: 3D45108, 1 -> 2 	
00000250	11:00:31.584	[1292] ADD: 3D45530, 2 -> 3 	
00000251	11:00:31.584	[1292] REL: 3D45108, 2 -> 1 	
00000252	11:00:31.584	[1292] REL: 3D45530, 3 -> 2 	
00000253	11:00:31.693	[1292] ADD: 3D45108, 1 -> 2 	
00000254	11:00:31.693	[1292] ADD: 3D45530, 2 -> 3 	
00000255	11:00:31.693	[1292] REL: 3D45108, 2 -> 1 	
00000256	11:00:31.693	[1292] REL: 3D45530, 3 -> 2 	
00000257	11:00:31.693	[1292] ADD: 3D45108, 1 -> 2 	
00000258	11:00:31.693	[1292] ADD: 3D45530, 2 -> 3 	
00000259	11:00:31.693	[1292] REL: 3D45108, 2 -> 1 	
00000260	11:00:31.693	[1292] REL: 3D45530, 3 -> 2 	
00000261	11:00:31.803	[1292] ADD: 3D45108, 1 -> 2 	
00000262	11:00:31.803	[1292] ADD: 3D45530, 2 -> 3 	
00000263	11:00:31.803	[1292] REL: 3D45108, 2 -> 1 	
00000264	11:00:31.803	[1292] REL: 3D45530, 3 -> 2 	
00000265	11:00:31.803	[1292] ADD: 3D45108, 1 -> 2 	
00000266	11:00:31.803	[1292] ADD: 3D45530, 2 -> 3 	
00000267	11:00:31.803	[1292] REL: 3D45108, 2 -> 1 	
00000268	11:00:31.803	[1292] REL: 3D45530, 3 -> 2 	
00000269	11:00:31.912	[1292] ADD: 3D45108, 1 -> 2 	
00000270	11:00:31.912	[1292] ADD: 3D45530, 2 -> 3 	
00000271	11:00:31.912	[1292] REL: 3D45108, 2 -> 1 	
00000272	11:00:31.912	[1292] REL: 3D45530, 3 -> 2 	
00000273	11:00:31.912	[1292] ADD: 3D45108, 1 -> 2 	
00000274	11:00:31.912	[1292] ADD: 3D45530, 2 -> 3 	
00000275	11:00:31.912	[1292] REL: 3D45108, 2 -> 1 	
00000276	11:00:31.912	[1292] REL: 3D45530, 3 -> 2 	
00000277	11:00:32.022	[1292] ADD: 3D45108, 1 -> 2 	
00000278	11:00:32.022	[1292] ADD: 3D45530, 2 -> 3 	
00000279	11:00:32.022	[1292] REL: 3D45108, 2 -> 1 	
00000280	11:00:32.022	[1292] REL: 3D45530, 3 -> 2 	
00000281	11:00:32.022	[1292] ADD: 3D45108, 1 -> 2 	
00000282	11:00:32.022	[1292] ADD: 3D45530, 2 -> 3 	
00000283	11:00:32.022	[1292] REL: 3D45108, 2 -> 1 	
00000284	11:00:32.022	[1292] REL: 3D45530, 3 -> 2 	
00000285	11:00:32.131	[1292] ADD: 3D45108, 1 -> 2 	
00000286	11:00:32.131	[1292] ADD: 3D45530, 2 -> 3 	
00000287	11:00:32.131	[1292] REL: 3D45108, 2 -> 1 	
00000288	11:00:32.131	[1292] REL: 3D45530, 3 -> 2 	
00000289	11:00:32.131	[1292] ADD: 3D45108, 1 -> 2 	
00000290	11:00:32.131	[1292] ADD: 3D45530, 2 -> 3 	
00000291	11:00:32.131	[1292] REL: 3D45108, 2 -> 1 	
00000292	11:00:32.131	[1292] REL: 3D45530, 3 -> 2 	
00000293	11:00:32.240	[1292] ADD: 3D45108, 1 -> 2 	
00000294	11:00:32.240	[1292] ADD: 3D45530, 2 -> 3 	
00000295	11:00:32.240	[1292] REL: 3D45108, 2 -> 1 	
00000296	11:00:32.240	[1292] REL: 3D45530, 3 -> 2 	
00000297	11:00:32.240	[1292] ADD: 3D45108, 1 -> 2 	
00000298	11:00:32.240	[1292] ADD: 3D45530, 2 -> 3 	
00000299	11:00:32.240	[1292] REL: 3D45108, 2 -> 1 	
00000300	11:00:32.240	[1292] REL: 3D45530, 3 -> 2 	
00000301	11:00:32.350	[1292] ADD: 3D45108, 1 -> 2 	
00000302	11:00:32.350	[1292] ADD: 3D45530, 2 -> 3 	
00000303	11:00:32.350	[1292] REL: 3D45108, 2 -> 1 	
00000304	11:00:32.350	[1292] REL: 3D45530, 3 -> 2 	
00000305	11:00:32.350	[1292] ADD: 3D45108, 1 -> 2 	
00000306	11:00:32.350	[1292] ADD: 3D45530, 2 -> 3 	
00000307	11:00:32.350	[1292] REL: 3D45108, 2 -> 1 	
00000308	11:00:32.350	[1292] REL: 3D45530, 3 -> 2 	
00000309	11:00:32.459	[1292] ADD: 3D45108, 1 -> 2 	
00000310	11:00:32.459	[1292] ADD: 3D45530, 2 -> 3 	
00000311	11:00:32.459	[1292] REL: 3D45108, 2 -> 1 	
00000312	11:00:32.459	[1292] REL: 3D45530, 3 -> 2 	
00000313	11:00:32.459	[1292] ADD: 3D45108, 1 -> 2 	
00000314	11:00:32.459	[1292] ADD: 3D45530, 2 -> 3 	
00000315	11:00:32.459	[1292] REL: 3D45108, 2 -> 1 	
00000316	11:00:32.459	[1292] REL: 3D45530, 3 -> 2 	
00000317	11:00:32.568	[1292] ADD: 3D45108, 1 -> 2 	
00000318	11:00:32.568	[1292] ADD: 3D45530, 2 -> 3 	
00000319	11:00:32.568	[1292] REL: 3D45108, 2 -> 1 	
00000320	11:00:32.568	[1292] REL: 3D45530, 3 -> 2 	
00000321	11:00:32.568	[1292] ADD: 3D45108, 1 -> 2 	
00000322	11:00:32.568	[1292] ADD: 3D45530, 2 -> 3 	
00000323	11:00:32.568	[1292] REL: 3D45108, 2 -> 1 	
00000324	11:00:32.568	[1292] REL: 3D45530, 3 -> 2 	
00000325	11:00:32.678	[1292] ADD: 3D45108, 1 -> 2 	
00000326	11:00:32.678	[1292] ADD: 3D45530, 2 -> 3 	
00000327	11:00:32.678	[1292] REL: 3D45108, 2 -> 1 	
00000328	11:00:32.678	[1292] REL: 3D45530, 3 -> 2 	
00000329	11:00:32.678	[1292] ADD: 3D45108, 1 -> 2 	
00000330	11:00:32.678	[1292] ADD: 3D45530, 2 -> 3 	
00000331	11:00:32.678	[1292] REL: 3D45108, 2 -> 1 	
00000332	11:00:32.678	[1292] REL: 3D45530, 3 -> 2 	
00000333	11:00:32.787	[1292] ADD: 3D45108, 1 -> 2 	
00000334	11:00:32.787	[1292] ADD: 3D45530, 2 -> 3 	
00000335	11:00:32.787	[1292] REL: 3D45108, 2 -> 1 	
00000336	11:00:32.787	[1292] REL: 3D45530, 3 -> 2 	
00000337	11:00:32.787	[1292] ADD: 3D45108, 1 -> 2 	
00000338	11:00:32.787	[1292] ADD: 3D45530, 2 -> 3 	
00000339	11:00:32.787	[1292] REL: 3D45108, 2 -> 1 	
00000340	11:00:32.787	[1292] REL: 3D45530, 3 -> 2 	
00000341	11:00:32.896	[1292] ADD: 3D45108, 1 -> 2 	
00000342	11:00:32.896	[1292] ADD: 3D45530, 2 -> 3 	
00000343	11:00:32.896	[1292] REL: 3D45108, 2 -> 1 	
00000344	11:00:32.896	[1292] REL: 3D45530, 3 -> 2 	
00000345	11:00:32.896	[1292] ADD: 3D45108, 1 -> 2 	
00000346	11:00:32.896	[1292] ADD: 3D45530, 2 -> 3 	
00000347	11:00:32.896	[1292] REL: 3D45108, 2 -> 1 	
00000348	11:00:32.896	[1292] REL: 3D45530, 3 -> 2 	
00000349	11:00:33.006	[1292] ADD: 3D45108, 1 -> 2 	
00000350	11:00:33.006	[1292] ADD: 3D45530, 2 -> 3 	
00000351	11:00:33.006	[1292] REL: 3D45108, 2 -> 1 	
00000352	11:00:33.006	[1292] REL: 3D45530, 3 -> 2 	
00000353	11:00:33.006	[1292] ADD: 3D45108, 1 -> 2 	
00000354	11:00:33.006	[1292] ADD: 3D45530, 2 -> 3 	
00000355	11:00:33.006	[1292] REL: 3D45108, 2 -> 1 	
00000356	11:00:33.006	[1292] REL: 3D45530, 3 -> 2 	
00000357	11:00:33.115	[1292] ADD: 3D45108, 1 -> 2 	
00000358	11:00:33.115	[1292] ADD: 3D45530, 2 -> 3 	
00000359	11:00:33.115	[1292] REL: 3D45108, 2 -> 1 	
00000360	11:00:33.115	[1292] REL: 3D45530, 3 -> 2 	
00000361	11:00:33.115	[1292] ADD: 3D45108, 1 -> 2 	
00000362	11:00:33.115	[1292] ADD: 3D45530, 2 -> 3 	
00000363	11:00:33.115	[1292] REL: 3D45108, 2 -> 1 	
00000364	11:00:33.115	[1292] REL: 3D45530, 3 -> 2 	
00000365	11:00:33.225	[1292] ADD: 3D45108, 1 -> 2 	
00000366	11:00:33.225	[1292] ADD: 3D45530, 2 -> 3 	
00000367	11:00:33.225	[1292] REL: 3D45108, 2 -> 1 	
00000368	11:00:33.225	[1292] REL: 3D45530, 3 -> 2 	
00000369	11:00:33.225	[1292] ADD: 3D45108, 1 -> 2 	
00000370	11:00:33.225	[1292] ADD: 3D45530, 2 -> 3 	
00000371	11:00:33.225	[1292] REL: 3D45108, 2 -> 1 	
00000372	11:00:33.225	[1292] REL: 3D45530, 3 -> 2 	
00000373	11:00:33.334	[1292] ADD: 3D45108, 1 -> 2 	
00000374	11:00:33.334	[1292] ADD: 3D45530, 2 -> 3 	
00000375	11:00:33.334	[1292] REL: 3D45108, 2 -> 1 	
00000376	11:00:33.334	[1292] REL: 3D45530, 3 -> 2 	
00000377	11:00:33.334	[1292] ADD: 3D45108, 1 -> 2 	
00000378	11:00:33.334	[1292] ADD: 3D45530, 2 -> 3 	
00000379	11:00:33.334	[1292] REL: 3D45108, 2 -> 1 	
00000380	11:00:33.334	[1292] REL: 3D45530, 3 -> 2 	
00000381	11:00:33.443	[1292] ADD: 3D45108, 1 -> 2 	
00000382	11:00:33.443	[1292] ADD: 3D45530, 2 -> 3 	
00000383	11:00:33.443	[1292] REL: 3D45108, 2 -> 1 	
00000384	11:00:33.443	[1292] REL: 3D45530, 3 -> 2 	
00000385	11:00:33.443	[1292] ADD: 3D45108, 1 -> 2 	
00000386	11:00:33.443	[1292] ADD: 3D45530, 2 -> 3 	
00000387	11:00:33.443	[1292] REL: 3D45108, 2 -> 1 	
00000388	11:00:33.443	[1292] REL: 3D45530, 3 -> 2 	
00000389	11:00:33.553	[1292] ADD: 3D45108, 1 -> 2 	
00000390	11:00:33.553	[1292] ADD: 3D45530, 2 -> 3 	
00000391	11:00:33.553	[1292] REL: 3D45108, 2 -> 1 	
00000392	11:00:33.553	[1292] REL: 3D45530, 3 -> 2 	
00000393	11:00:33.553	[1292] ADD: 3D45108, 1 -> 2 	
00000394	11:00:33.553	[1292] ADD: 3D45530, 2 -> 3 	
00000395	11:00:33.553	[1292] REL: 3D45108, 2 -> 1 	
00000396	11:00:33.553	[1292] REL: 3D45530, 3 -> 2 	
