00000000	11:03:55.905	[1700] ADD: 10048EB0, 0 -> 1 	
00000001	11:03:55.905	[1700] ADD: 10048EB0, 1 -> 2 	
00000002	11:03:55.905	[1700] GCO: ref: 0 req: {IClassFactory} 	
00000003	11:03:55.905	[1700] DFQ: ref: 10048EB0 req: {IClassFactory} 	
00000004	11:03:55.921	[1700] ADD: 3F85158, 0 -> 1 	
00000005	11:03:55.921	[1700] ADD: 3F85158, 1 -> 2 	
00000006	11:03:55.921	[1700] REL: 3F85158, 2 -> 1 	
00000007	11:03:55.921	[1700] ADD: 3F85580, 0 -> 1 	
00000008	11:03:55.921	[1700] NID: 3F85580 	
00000009	11:03:55.921	[1700] CPC: 3F855D8 	
00000010	11:03:55.921	[1700] ADD: 3F855D8, 0 -> 1 	
00000011	11:03:55.921	[1700] ADD: 3F85648, 0 -> 1 	
00000012	11:03:55.921	[1700] ADD: 3F85648, 1 -> 2 	
00000013	11:03:55.921	[1700] PAX: 3F85158 	
00000014	11:03:55.921	[1700] ADD: 3F85158, 1 -> 2 	
00000015	11:03:55.921	[1700] REL: 3F85158, 2 -> 1 	
00000016	11:03:55.921	[1700] CFQ: ref: 3F85158 req: {IClassFactory} 	
00000017	11:03:55.921	[1700] ADD: 3F85158, 1 -> 2 	
00000018	11:03:55.921	[1700] REL: 3F85158, 2 -> 1 	
00000019	11:03:55.921	[1700] CFQ: ref: 3F85158 req: {IClassFactory2} 	
00000020	11:03:55.921	[1700] CFQ: ref: 3F85158 req: {IClassFactory2} 	
00000021	11:03:55.921	[1700] DFQ: ref: 10048EB0 req: {IClassFactory2} 	
00000022	11:03:55.921	[1700] CFQ: ref: 3F85158 req: {IUnknown} 	
00000023	11:03:55.921	[1700] ADD: 3F85158, 1 -> 2 	
00000024	11:03:55.921	[1700] CFQ: ref: 3F85158 req: {IUnknown} 	
00000025	11:03:55.921	[1700] ADD: 3F85158, 2 -> 3 	
00000026	11:03:55.921	[1700] CFQ: ref: 3F85158 req: {C3FCC19E-A970-11D2-8B5A-00A0C9B7C9C4} 	
00000027	11:03:55.921	[1700] CFQ: ref: 3F85158 req: {C3FCC19E-A970-11D2-8B5A-00A0C9B7C9C4} 	
00000028	11:03:55.921	[1700] DFQ: ref: 10048EB0 req: {C3FCC19E-A970-11D2-8B5A-00A0C9B7C9C4} 	
00000029	11:03:55.921	[1700] ADD: 3F85158, 3 -> 4 	
00000030	11:03:55.921	[1700] CFQ: ref: 3F85158 req: {IMarshal} 	
00000031	11:03:55.921	[1700] CFQ: ref: 3F85158 req: {IMarshal} 	
00000032	11:03:55.921	[1700] DFQ: ref: 10048EB0 req: {IMarshal} 	
00000033	11:03:55.921	[1700] ADD: 3F85158, 4 -> 5 	
00000034	11:03:55.921	[1700] CFQ: ref: 3F85158 req: {00000144-0000-0000-C000-000000000046} 	
00000035	11:03:55.921	[1700] CFQ: ref: 3F85158 req: {00000144-0000-0000-C000-000000000046} 	
00000036	11:03:55.921	[1700] DFQ: ref: 10048EB0 req: {00000144-0000-0000-C000-000000000046} 	
00000037	11:03:55.921	[1700] REL: 3F85158, 5 -> 4 	
00000038	11:03:55.921	[1700] REL: 3F85158, 4 -> 3 	
00000039	11:03:55.921	[1700] REL: 3F85158, 3 -> 2 	
00000040	11:03:55.921	[1700] REL: 3F85158, 2 -> 1 	
00000041	11:03:55.921	[1700] ADD: 3F85158, 1 -> 2 	
00000042	11:03:55.921	[1700] CFQ: ref: 3F85158 req: {IConnectionPointContainer} 	
00000043	11:03:55.921	[1700] ADD: 3F855D8, 1 -> 2 	
00000044	11:03:55.921	[1700] REL: 3F85158, 2 -> 1 	
00000045	11:03:55.921	[1700] ADD: 3F85158, 1 -> 2 	
00000046	11:03:55.921	[1700] CFQ: ref: 3F85158 req: {IConnectionPointContainer} 	
00000047	11:03:55.921	[1700] ADD: 3F855D8, 2 -> 3 	
00000048	11:03:55.921	[1700] REL: 3F85158, 2 -> 1 	
00000049	11:03:55.921	[1700] ADD: 3F855D8, 3 -> 4 	
00000050	11:03:55.921	[1700] REL: 3F855D8, 4 -> 3 	
00000051	11:03:55.921	[1700] REL: 3F855D8, 3 -> 2 	
00000052	11:03:55.921	[1700] ADD: 3F855D8, 2 -> 3 	
00000053	11:03:55.921	[1700] ADD: 3F85648, 2 -> 3 	
00000054	11:03:55.921	[1700] CFQ: ref: 3F85158 req: {IUnknown} 	
00000055	11:03:55.921	[1700] ADD: 3F85158, 1 -> 2 	
00000056	11:03:55.921	[1700] REL: 3F85158, 2 -> 1 	
00000057	11:03:55.921	[1700] ADD: 3F85158, 1 -> 2 	
00000058	11:03:55.921	[1700] CFQ: ref: 3F85158 req: {IConnectionPoint} 	
00000059	11:03:55.921	[1700] ADD: 3F85648, 3 -> 4 	
00000060	11:03:55.921	[1700] REL: 3F85158, 2 -> 1 	
00000061	11:03:55.921	[1700] ADD: 3F85158, 1 -> 2 	
00000062	11:03:55.921	[1700] CFQ: ref: 3F85158 req: {IConnectionPoint} 	
00000063	11:03:55.921	[1700] ADD: 3F85648, 4 -> 5 	
00000064	11:03:55.921	[1700] REL: 3F85158, 2 -> 1 	
00000065	11:03:55.921	[1700] ADD: 3F85648, 5 -> 6 	
00000066	11:03:55.921	[1700] REL: 3F85648, 6 -> 5 	
00000067	11:03:55.921	[1700] REL: 3F85648, 5 -> 4 	
00000068	11:03:55.921	[1700] REL: 3F85648, 4 -> 3 	
00000069	11:03:55.921	[1700] REL: 3F855D8, 3 -> 2 	
00000070	11:03:55.921	[1700] ADD: 3F85648, 3 -> 4 	
00000071	11:03:55.921	[1700] REL: 3F85648, 4 -> 3 	
00000072	11:03:55.921	[1700] ADD: 3F85648, 3 -> 4 	
00000073	11:03:55.921	[1700] REL: 3F85648, 4 -> 3 	
00000074	11:03:55.921	[1700] ADD: 3F85648, 3 -> 4 	
00000075	11:03:55.921	[1700] REL: 3F85648, 4 -> 3 	
00000076	11:04:03.983	[1700] ADD: 3F85158, 1 -> 2 	
00000077	11:04:03.983	[1700] CFQ: ref: 3F85158 req: {D1BF8C60-B0EC-4F66-B2AA-72A2B57283C5} 	
00000078	11:04:03.983	[1700] ADD: 3F85158, 2 -> 3 	
00000079	11:04:03.983	[1700] ADD: 3F85580, 1 -> 2 	
00000080	11:04:03.983	[1700] REL: 3F85158, 3 -> 2 	
00000081	11:04:03.983	[1700] ADD: 3F85158, 2 -> 3 	
00000082	11:04:03.983	[1700] ADD: 3F85580, 2 -> 3 	
00000083	11:04:04.014	[1700] REL: 3F85158, 3 -> 2 	
00000084	11:04:04.014	[1700] REL: 3F85580, 3 -> 2 	
00000085	11:04:11.107	[1700] ADD: 3F85648, 3 -> 4 	
00000086	11:04:11.123	[1700] REL: 3F85648, 4 -> 3 	
00000087	11:04:11.186	[1700] ADD: 3F85648, 3 -> 4 	
00000088	11:04:11.186	[1700] REL: 3F85648, 4 -> 3 	
00000089	11:04:11.295	[1700] ADD: 3F85648, 3 -> 4 	
00000090	11:04:11.295	[1700] REL: 3F85648, 4 -> 3 	
00000091	11:04:11.404	[1700] ADD: 3F85648, 3 -> 4 	
00000092	11:04:11.404	[1700] REL: 3F85648, 4 -> 3 	
00000093	11:04:11.514	[1700] ADD: 3F85648, 3 -> 4 	
00000094	11:04:11.514	[1700] REL: 3F85648, 4 -> 3 	
00000095	11:04:11.623	[1700] ADD: 3F85648, 3 -> 4 	
00000096	11:04:11.623	[1700] REL: 3F85648, 4 -> 3 	
00000097	11:04:11.732	[1700] ADD: 3F85648, 3 -> 4 	
00000098	11:04:11.732	[1700] REL: 3F85648, 4 -> 3 	
00000099	11:04:11.842	[1700] ADD: 3F85648, 3 -> 4 	
00000100	11:04:11.842	[1700] REL: 3F85648, 4 -> 3 	
00000101	11:04:11.951	[1700] ADD: 3F85648, 3 -> 4 	
00000102	11:04:11.951	[1700] REL: 3F85648, 4 -> 3 	
00000103	11:04:12.061	[1700] ADD: 3F85648, 3 -> 4 	
00000104	11:04:12.061	[1700] REL: 3F85648, 4 -> 3 	
00000105	11:04:12.170	[1700] ADD: 3F85648, 3 -> 4 	
00000106	11:04:12.170	[1700] REL: 3F85648, 4 -> 3 	
00000107	11:04:12.279	[1700] ADD: 3F85648, 3 -> 4 	
00000108	11:04:12.279	[1700] REL: 3F85648, 4 -> 3 	
00000109	11:04:12.389	[1700] ADD: 3F85648, 3 -> 4 	
00000110	11:04:12.389	[1700] REL: 3F85648, 4 -> 3 	
00000111	11:04:12.498	[1700] ADD: 3F85648, 3 -> 4 	
00000112	11:04:12.498	[1700] REL: 3F85648, 4 -> 3 	
00000113	11:04:12.607	[1700] ADD: 3F85648, 3 -> 4 	
00000114	11:04:12.607	[1700] REL: 3F85648, 4 -> 3 	
00000115	11:04:12.717	[1700] ADD: 3F85648, 3 -> 4 	
00000116	11:04:12.717	[1700] REL: 3F85648, 4 -> 3 	
00000117	11:04:12.826	[1700] ADD: 3F85648, 3 -> 4 	
00000118	11:04:12.826	[1700] REL: 3F85648, 4 -> 3 	
00000119	11:04:12.936	[1700] ADD: 3F85648, 3 -> 4 	
00000120	11:04:12.936	[1700] REL: 3F85648, 4 -> 3 	
00000121	11:04:13.061	[1700] ADD: 3F85648, 3 -> 4 	
00000122	11:04:13.061	[1700] REL: 3F85648, 4 -> 3 	
00000123	11:04:13.061	[1700] ADD: 3F85648, 3 -> 4 	
00000124	11:04:13.061	[1700] REL: 3F85648, 4 -> 3 	
00000125	11:04:13.061	[1700] ADD: 3F85648, 3 -> 4 	
00000126	11:04:13.076	[1700] REL: 3F85648, 4 -> 3 	
00000127	11:04:13.076	[1700] ADD: 3F85648, 3 -> 4 	
00000128	11:04:13.076	[1700] REL: 3F85648, 4 -> 3 	
00000129	11:04:13.076	[1700] ADD: 3F85648, 3 -> 4 	
00000130	11:04:13.076	[1700] REL: 3F85648, 4 -> 3 	
00000131	11:04:13.154	[1700] ADD: 3F85648, 3 -> 4 	
00000132	11:04:13.154	[1700] REL: 3F85648, 4 -> 3 	
00000133	11:04:13.264	[1700] ADD: 3F85648, 3 -> 4 	
00000134	11:04:13.264	[1700] REL: 3F85648, 4 -> 3 	
00000135	11:04:13.373	[1700] ADD: 3F85648, 3 -> 4 	
00000136	11:04:13.373	[1700] REL: 3F85648, 4 -> 3 	
00000137	11:04:13.482	[1700] ADD: 3F85648, 3 -> 4 	
00000138	11:04:13.482	[1700] REL: 3F85648, 4 -> 3 	
00000139	11:04:13.592	[1700] ADD: 3F85648, 3 -> 4 	
00000140	11:04:13.592	[1700] REL: 3F85648, 4 -> 3 	
00000141	11:04:13.701	[1700] ADD: 3F85648, 3 -> 4 	
00000142	11:04:13.701	[1700] REL: 3F85648, 4 -> 3 	
00000143	11:04:13.811	[1700] ADD: 3F85648, 3 -> 4 	
00000144	11:04:13.811	[1700] REL: 3F85648, 4 -> 3 	
00000145	11:04:13.920	[1700] ADD: 3F85648, 3 -> 4 	
00000146	11:04:13.920	[1700] REL: 3F85648, 4 -> 3 	
00000147	11:04:14.029	[1700] ADD: 3F85648, 3 -> 4 	
00000148	11:04:14.029	[1700] REL: 3F85648, 4 -> 3 	
00000149	11:04:14.139	[1700] ADD: 3F85648, 3 -> 4 	
00000150	11:04:14.139	[1700] REL: 3F85648, 4 -> 3 	
